<?xml version="1.0" encoding="ISO-8859-1"?>
<html>
<meta charset="UTF-8">

<body>
  <p>Image test</p>
  <img src="data:image/jpeg;base64,/9j/4AAQSkZJRgABAQAAAQABAAD/4QDeRXhpZgAASUkqAAgAAAAGABIBAwABAAAAAQAAABoBBQABAAAAVgAAABsBBQABAAAAXgAAACgBAwABAAAAAgAAABMCAwABAAAAAQAAAGmHBAABAAAAZgAAAAAAAAA4YwAA6AMAADhjAADoAwAABwAAkAcABAAAADAyMTABkQcABAAAAAECAwCGkgcAFQAAAMAAAAAAoAcABAAAADAxMDABoAMAAQAAAP//AAACoAQAAQAAAMgAAAADoAQAAQAAAMgAAAAAAAAAQVNDSUkAAABQaWNzdW0gSUQ6IDUxAP/bAEMACAYGBwYFCAcHBwkJCAoMFA0MCwsMGRITDxQdGh8eHRocHCAkLicgIiwjHBwoNyksMDE0NDQfJzk9ODI8LjM0Mv/bAEMBCQkJDAsMGA0NGDIhHCEyMjIyMjIyMjIyMjIyMjIyMjIyMjIyMjIyMjIyMjIyMjIyMjIyMjIyMjIyMjIyMjIyMv/CABEIAMgAyAMBIgACEQEDEQH/xAAbAAACAwEBAQAAAAAAAAAAAAACAwABBAUGB//EABQBAQAAAAAAAAAAAAAAAAAAAAD/2gAMAwEAAhADEAAAAe/FsJR2BbCFU8hGi4WI0Q6IIaAss9h3maOurNCxhUVDHdEQl0aSzw1Xlo00khxpIIBUOUqhzUmRiaNdIhpiyFxsOaJAUIJNYZhNreYw6cyPHtyuHgNEpkFsNxjPVQLlWPZnAbM8OQlwiyJpnPp2c9+3UYq6FGAuhRja+hAaViRgElwqjIVT7M80w5Q6yMrtrTG8yG2JA0dCo6CiZBdxYQgA+kGSCA4UCPmaG0wWagy2abQ0ZaUGsEGHECOQSwY2zMLqFTUwwTQsz1thlmyHNthkZnoeeaGlKVmu8VHRZxgO3PPqPTH5Kj2Q+Ph6ueRh7CvHkesLybT1E83Djl3rPPzv2cEu/ZwJ6CHnB9HDzg+mh5Vfr6PHX7CjyE9fDyE9cR4+/Xw8oz09nmp6WHUHoUc++iRyi6dHLnWo5Y9gDkzsQ449kjiTtUcUe0Jxr6wHNvpw5tdGjmzoQuKsdZQVbLCuqGWNhVVkG7KKCHAAfFwKVApmE1TnQyn4zSewb5Bx6iuNqOsGRgZYnHQbyaOvSuedAOTiPSTzOg71c/WFQQsaAKSHlM+jScqum84Z9ITA9ucaKc56DT5oT1ujwyj6AXhdp62vL6D1IcBh1fNdgjNNYioyHk5IXcgxkhbJBDJC5IZTkMypAwkM7ZAnSDakJJD/xAAkEAACAQQDAAMBAQEBAAAAAAAAAQIDERITBBAhFCAiMSMkQf/aAAgBAQABBQKxYsWRYsW6URLpvpfT/wAfguou7y8MjIyPC3VixY8L2Mhd3GzIcjIiz+/Rst1cUvpcyL9I86u0N3LFjASsXMjK5cZfvIyFIcjIv1cUhu5ccmXuIyHMUy5/TFliw2ZDkf0szyJsQpIuXExWPOserGps0MjRRgiKRaKFjaTGhuxJlxsv0mK56JP7JmZsHMvcRdFzIy86xNbFRbNBGiKkkOJizCRrYqQ6ZrZrZ/C5kZGTLs9PRwMSxEi0hMSFGxa5ZIT8ySM4m2JtiOsNtlixiYmJbtvpRZrFEiuvS4yw6YqaNcTWjBFhpmLLP6XLmoVIUWYmIo/W/dxzNhtNhsNhmZGZmJtmQmZIyH73c86uZmwc2XfVy5cuXLjkXPS45GXuQp9OaHP1Mv00zWOmzUa0azSxU4otEnSu9IqKNKNaQ64uQjamZeKojaZxNqRuR8iJvgboG+J8iBvpmxGZkiVVIzVlVix1Yo3QZtgZxFCJriOCRa5gzA1mk0I0Gg0sfHqjoVjRWNNc1ck1cpmnkmvlIVPkmFcUKxhXFuR8nkG/km/kG/kG6uba5s5BnyRz5JnyTPkmzkGVY/0ZjItItM/Z/ofs/wBC9QU6yN1c+RXNSNUTXE1xNcTXE1o1mBiYmJiYmJgYGBgamaWajUamah0TSzSzSz47Pjs0s0SNMjXI1yNcjCRjIxZZ9enp6XZkZGRl1ki6ZZjdhSjIbSFKLPC5cuZx68LJmswHTNZrNRqZqZqZ4XRcuOzF/bsUjJGRcyMzJGaLru33kiNhKBgmYxPwYQZrMDAsWLFusSyMF1dmRkiVSSW12+RMfJySrUmZxLRcVSsQxifgeKNtNG6kRcZd3RsRsV8jI9Z+huReXbFWqKW+qRri5KFyWiPJFyoG+nJYZN0vNKFRwnsRWV3Kk6hKHIpnz5QIc2dVrk/rNMTkx5GMz9X9RLiqTlxWzTNNU5XvNNNoU5qceRO65LUYc1keaLnsjy5M+WfIpm2DHTo1FR41Gi5QuQjqVWKlCVPlxKdGvKn/ANCMKtlXs1NGf6XqdOOKpRkp0rLU0tdSR/oqk6btiXURV3eFecRV5WXJTI8gXM9+dZrmnyIsVembKTMaUidm1+R2slYU3ElVUBciLM8oup5CXkmjCNvGOn7OkY3Nbs3JEpfrOQpMVc3NG5s3I//EABQRAQAAAAAAAAAAAAAAAAAAAHD/2gAIAQMBAT8BKf/EABQRAQAAAAAAAAAAAAAAAAAAAHD/2gAIAQIBAT8BKf/EADIQAAECBAIJBAEDBQAAAAAAAAABMQIRITIQQQMSIlFhcYGRoSAwM0JQQGDhcnOiscH/2gAIAQEABj8C/ZNSn42uFfwtSgw3oYb3m9Tj40/SOv4hvS/6+g5RS7DMcYYnCOVUf2H9DjpjcPg+E5lyDjjj+m4cfBx8HHwy7lP9n8jeS3yWL3PjUro1PjU+NT41LouxdEXRF8ZfGXRl0ZdF3Lo+48fcfSF2kHjPsMoyn2PsfY+x9j7FIoy/Sdy+Mcccccf3mGGwYYbBi0YYYYbFhi0YYYtLRlMzMcccu8FYvBRUw2lkUUcuwb3cjIbB8HKlPUwymfYfwXIP7LLL+orNCik5L3GHH9xx8aQT6nxr3PhXuSWZdIosxjZ7C7E1zmW9jMuXsfKhTF/U+DGfbFJR9BkXmbUKIvMS6u5S+ibyckUbsXL1NnTKnVCsXgf/ABNaCPVH8iKk14TM4ep81OZt6TRT3GxqS3JUlGmqU0sJci8lP5GUlMrhRVmLOGm8nSXEVEz3E5qT16cjJTaRVURVROJfEnU+TumFYPJnCfIbUMMXNBV0UOrN5Epio8zZggReM0K6NIv7cZfEnCMlEqpDwWYktOk+ZbUmplIkqFE8E5pPgpdrGyslXepVe4rU4kM4U1VzP+qTrLgKk5dCsalydUNmXJh1TqXxdUKxQ9YT69FKwm4u8mRqwz5yL6cjV1Yq7ikMZJYpE9VJ70MzgUTuMk+QkMSeTem4VJylvQ3lIUqUVZcCc5limZKGRVClB1UpJUw//8QAJhAAAgEDBAMAAgMBAAAAAAAAAAERITFBEFFhkXGBobHB4fDx0f/aAAgBAQABPyFCRHfWpNhQwNTgUIgjRqIyo6XY9ygfcPwOgzgICajgxOsC3oUyCsIgJSAoDQOVhNyUSPRqRCoghkmGLKhUsQMu0oOAToKSdLFR4Khv2HGDNqSBbGJ2h+mgjrEFdhcJjhEEWlXRTaExVSRl4OODITFFYeCkjUk6qRWRKWRBMmQWEwxXRLEmUOSrYpdNEpJ2MhUNcHIhJWEzwXED2xJiNzBJgN11kSs1BThCGxNKQ14gTFS5KCSR2HZiTIeYqFRN7aKBAtBkUJIQV2MGWKA2IrsMngqCbEiCghdDIXCYTCnYg3BkUWkSLimj4k9tCbBLaGFKOBdUqMEDe4a3a4q1DW5FSxDDaro/K+jzGwMmTJktiYjSeidCWxqyE41FciLHgMtJX+gSs11dDg4S+EhLEnCux7Q21hibJ0TJMYrrSTgbjFkUksvgcaJJKLsQsjLhYbsUNLnkaIgOmhlBSHANVkKTGlRikJjTJLWYxRG42i5uCYbhVY+Wo20T0JtCTDVaNQgrVKgnuIIl0UYL5gYdUk8/JNvIkKbu3yNW7oer4LhIkhQg/EAnd4C8gq8sKwklrpEDJBI2Hi2ToN7c5xWBNwIAju2hbpWCfgJHlDVgVNtPwOmi1OL+orFeyC5mUpBNS7kuxYhTXaNrsiW3ocy0eSbIcbMS3Y32GAv0RyuxiLZetIeYZe9CUp6QlUW1AjkpP06AVkWD5kdBkVgX86SP9x/pDgM0p+gxLvEH/RjZfsY3372NXE/mR5etnG+mcH0U2f2VXfdnn9k7vswT3Ylo15YkqaXkR2LldD/wH9qP7Uf2o5nQt19DTGjxZFb9EYz0RjPRDk/qh5fCrOjxE7Lo5JPJk3ZaCe/o8I4H0cjo4w2fz0cdnK1x/Wh7ZFj4cnrQvEmhiMPmOH8jyJkqVawooI7iQ8w4SlEp/wAjLTJXZXQhaHkxpRfsuCosyMYhFG9EW2ofkhyNE1JTwckktztEGyMiOej3XoU6foksoeMUaocT0KOZIhF5PMI9NU2rNiJSZrwUqvtECsn6OIhNiOxCbhoc2EF2pCen0FGOhCKFkbQ3z8JeJY5EuSIJ3VPBP+FFzrZqQKLXkyh4EF4eSKLC4n2UqU32JEskClnsVXnRG0jR3S9kSsiqmlUUJ3e2PAJJVgpWKIGFNMmUkIk9+ijUSlCRxJcPYLGeqYmSpngktukvrs5oSzSSyvnkNdguS0afcaWqnEslJTGzE+HBKbo0Qqwdug6Q8WivyOajaI5vRsPgn5ryhylXoJez9odxRT6FUjo5FNCetFAlpxSj5CjRQwYJ2+Y8CVUR5Rv6DhGkQXDbIkSkfMSZRHoVQ+n8iYsvAiwzdFfgoFlXQqtOCbNfgrJG3gTa6OoL0yzt+xIyquitrhoGpDlrBwyLo/Q5oghkt4gaRwkxIkXkSkmUlvaqGxidibjai8lU8ryxRJ9h1uJQDUWSh6Uw96kQE3QT2fktSJbdITseNG1Pj/TqRApi6xYELVflz+SmqzSlUsjNI/gGD45/oZIri+0/2KzdmqKdvCcxDMD3VRyH9uxJqpZleH+RU9BLZOSlQ1rLfoRUQlLiG+qpddRQVeaCBkpzbOF+xLIHu0Gn4AjlfCEumLgqw0qqpVilouELbSdlMwiFdLaoJ5SU3OTGzHpGGET8hGBzn9gp4YXefSYnnpBItkOsabkakLfJ9Gd6Jrq5+xoID8kiK5jdxtLWaSypGBoik0oGrrvYpTKCe0QZnb2tg2lUPdvhWS37ECTZSNgGOxbHgZLqLpYq689b+G3aecFSbVxUkRtwVk0xwSKukxVVnWgyFNcGhboE2fqC454of//aAAwDAQACAAMAAAAQYY80c4cI8okswcIgA0Q0Us8Iw8c0wQYcg0o4EswMEk8Eco888ocMAUYUsMQIMQ8I8c8IgggckY0s0w4IIUIsMgMcYIMo0MIcQwkgY8IA4kEwkU0w4cQ08AMYU0YQMUE0Y8s8IAgsQc8AMg8soIw4M88UUME8A8Ag8AcAc8ccA//EABQRAQAAAAAAAAAAAAAAAAAAAHD/2gAIAQMBAT8QKf/EABQRAQAAAAAAAAAAAAAAAAAAAHD/2gAIAQIBAT8QKf/EACYQAQACAgICAgMBAQEBAQAAAAEAESExQVFhcYGRobHB0eEQ8PH/2gAIAQEAAT8Qd2xbnDM/hLHEqeplH5xFYZVr7yxaXNMVADdBFujbKT3MPcwxEK8kogqmiqxBFZXAaKN8sTfeJcNdpkENykzGqi1NvcBf0se0pYKyagK1BBK2Q2FgLrEWBJ8hNQRi3KCONwIZfzB7h15nNbqLWwTcGKtAVhzOBxAoIwqyKZVUBHDcaRWNSvmkRwwDYEuKCu2UTcAhXb9QWEBozUrYQP3G3LPNwsApxFsqjmJeCOby1FW78oGiWcxo1klMRdMh1AptjiZKq/s4XLLB1GAwxGg7nJc1rimsykWUrArllLxKYVF5lixT3GWFF6BFwLMqZ5mGhuCgbYGYC8Sxk28R9CPBCaAPLLULiJguXLV1AKvMQCzqYNI1ENUBqI7aPEQLceosESjuL6qCFpUsi69zYFyxyXLXAmeaeogBlx/5DDBya7jRcC+GCEOPMKpd4ZTWZ4JXVHREgCII3MQZTd9Mpsk/MLt+aAcOImSg8R2FfcGOCNYKuZrD/JoTXUwi4F07hTplpygNZxKDgg+LjAZD4gLrLMAK+JjBqBLvYc19QQ3UsN/iKBJeqXmG23K9zCGFwtWLfBKG0FQyy6ckFtVHUwIK4g10IbAOiBZXzHi38Ih/ojqB4wzFiz6ZYtYeai8AfNxN6o8EFeE/EQ1+cV0fmUsxYlb5YQ3iIF55xAwwIMQIyMFVV7EvecBJQs0cpqahk1Myr4lcD7lJpEHZCZhT6iv7WZ53bonIsu1cPChywCARqpi6BBdYiOT5hIqKV6h9kJBcEW1gjm4cO/UwLYoylRD0eoNU5uMJVWrcLcThG+aYBil+YqrKBXWUW2PzKWnZ4hVdEH4PpgF6N4iC9RptuJDBF9FRfgmQoqViiiczc7Qe5wGA4slW2KDIYuYQwwkbF1cAViojOiWbSzzCv3/4HNYi8lhYgSzlxk2Qi1pCUtjwwRLw9QjF4lhbmVXyMIdIptGCaTmKMoRppGAbcwHgh6EMfKN7qZTL0QQxlLrlZQ5itLCptiWGZds7KeKgOyLdEQAteZXv7ISKPiAtqiYJdkFLW5buNyy+o22xA0APPUKH8MV9HMuKhQZHdFykqVyprJDQXmNghfLKIBcO3DKqVtFajMgFZGIUbm/EUsJx3AlkuqKqUIvK83DpkJ0yzl/Mo6pgGDAqrzAqxUM8L8sbhQ7uYcZe5XtuOgg+ZhVm0DmOvHdXMIxF6glAD5lcjX5gdH2TclfbDwoIWrq/ExeQ3nUHHvMwe8/TcAb74g0Eerhdse4BoF4Imst8EItZvWpWATnNyowPiDzfBGk2+J/jSCNQfmGqV8R4rvTNcX6YhyPbHIfyhC7BzdP3BbM4hQ1W5pLo+EONtfQlOGboK/cVqecoh/ZUkJB6F81AUugZzyWRD8G/+INVVdHL8Qcq4xSf8mz6AKX9Ebi49o4zz2puKPnEUKQuhYgHw8QBH0ZDnysV6M7QT7nvI9kS5HuARrdEGm4BzA9McPgWkspu9w0FqHbOYylqA3wAxw1STzABYB8r+yN+YcLQ8ubOr3gLmh7QMw35TDhWKaHdNHJXeSoVrGeYhaPgJmQS4cQbWNc0haKV8lSoPHuOVhjJYPVRGsfiGpTH3APzFoi1kfEBz7Co0ox1WZXlTfIRFEyG6QHS6UMowM+Lyt3eyR1bukilufkRor8WoORDxm/7DKb5RkR3cEKvfQMDWtWcmaHcIGG+yW8D7gJjL0ygratznH2gBrNkXa8Bm7mFVHJccSj23C7SeI38/p/yD2rrxxFHT5uNWIcFpiEcWxApzkpKv7ms9kDmyaKC3xKQ0bCArL8tQA+MirlG+Lq4nSuPIhSLXIw+pvGlO03FLWotw/5KpSRPUSzQOWo1MHLBuWqU9t2x4GO03KYm3DGYthV+XxKWWXlhNd53bKOC9susrwTEjX0og39mDgF8ZgOhPsi6AFIzuLoKPZLFzeRmXG3HQ3NwjlaXMWTfGZjB9Ujc3UOklyUQNlPxCICC7Ar9zXfegFAAayg/UuZFl0iGqA1s4S+wS/eYYB8twFip5P8AkJQKtaIwBQca1AkLPcBL08MQKEDisrKHQMM8w7loqBp8ETjTgBn5n5zSVWtPaXPwGsMSAsrcAD4aLA08GbmIdeyWooe6Yrr7xOAVSjy/MuEMApcoLmKCL0GI46Fspp9wW707mIHbew4hvbp1AFifO4ccwxj/ACV0GloAYs00pYI4YEs1U/pE9jwf6RYBvFf0R0GrI4fRLZLsawrJAq0spKL+A8EHkFbxEMLHeA/2XqPXUTar0rP+QeidkXPWGEmA+Uztg43+os3YGbgFtbq4YqzrLK25C0Sj5baSJHmcXAqKjz/dwLi3gdw+ny/4zONN6OV+Xmj+TLOusv3GMQG8Dwxk1uZFZLDa9BV58y0A2kIBp6ZitVhp6oY/UlbBp55lUx1lVJ7qMoWZ2P4yrQeE1+YqANFyV6qWS6wJ/wBESqAc0XfglDRUUGidNwEObHM9SqAvCh3rLUHE5IQi9LT+odjClfHTsQURrQCU4zdr7ihoILX2ol+pWBmOWF6rCAdw5PpmBHlgXKFhL5RTGURpeD8SvVuLOenEthI7cwutA4V06pKYkKO3+dk+omEGGufgzUGYgqiLfHNPuLQEI2sZutuYWADOV81aYrniPhSZZB4yhnxKcHWijf73LMKvKG+qAIgMeC4PhvHpPmKqK7fsXBALYEQX2VEtTGLBHYNkpZT2LCLGO3b7qewtgH8P7H9ulXa+y5lmMDY3UDKo3X+1KDsVt23DkWOgTVEXxlRgQHJ2Z7LgMUl6t3Q+DUt7A1iNUZEq71GobCp28OZZeoV+YtGIaqKcR6clfMzBIqJXihiIooVkjeRMMxJsKWva/tmZxqP0bxB7ibsKq4ocnmWjBBZa9Xz9wEAHYAMC6V6qWhdOWHhwKfcrLtv2Rra2NYSLkq8Mn4BEq5dmxSxmsFFfczA2xee8keF5UB9G/mPSt20uO7rB4gO10BdjcO7gaz4+5W5xX+io3WDlUfSj7g4Hpn6jI4Gb/kgTi3eUZoRf/eYhZUp2fuXhIBdlGap/sJpBBQJ7O5yBxrXs7smcwjZpxznMNvDcm+dpG03MYWnvUGuTbKh/X5iAIRW5dYuWsJLCGs7y2sG+joVf/nIwXo6SkeP/AIRQwRtX6rlFKBticc2H1EgECwSlcJuAIXQH+PdZgMFgCxfVH8MDrN5YR7G4vnGxWXq4QkcVl/yKv4XWh6Je3stK+LM/cGDgHPTVYT8SsWyyXr71HEI2bH0yjZblRZP/2Q=="/>
</body>

</html>