<?xml version="1.0" encoding="ISO-8859-1"?>
<html>
<meta charset="UTF-8">

<body>
  <table cellspacing="15" cellpadding="0">
    <tbody>
      <tr>

        <td>
          <table align="center" cellpadding="4" cellspacing="0" border="1" bgcolor="#FFFF99">
            <tbody>
              <tr>
                <th>Character</th>
                <th>Sequence</th>
              </tr>
              <tr>
                <td><span class="spc">backspace<b>†</b></span></td>
                <td>Alt 8</td>
              </tr>
              <tr>
                <td><span class="spc">tab<b>†</b></span></td>
                <td>Alt 9</td>
              </tr>
              <tr>
                <td><span class="spc">line break<b>†</b></span></td>
                <td>Alt 10</td>
              </tr>
              <tr>
                <td>¤</td>
                <td>Alt 15</td>
              </tr>
              <tr>
                <td>¶</td>
                <td>Alt 20</td>
              </tr>
              <tr>
                <td>§</td>
                <td>Alt 21</td>
              </tr>
              <tr>
                <td><span class="spc">paste<b>†</b></span></td>
                <td>Alt 22</td>
              </tr>
              <tr>
                <td><span class="spc">space<b>†</b></span></td>
                <td>Alt 32</td>
              </tr>
              <tr>
                <td>!</td>
                <td>Alt 33</td>
              </tr>
              <tr>
                <td>"</td>
                <td>Alt 34</td>
              </tr>
              <tr>
                <td>#</td>
                <td>Alt 35</td>
              </tr>
              <tr>
                <td>$</td>
                <td>Alt 36</td>
              </tr>
              <tr>
                <td>%</td>
                <td>Alt 37</td>
              </tr>
              <tr>
                <td>&amp;</td>
                <td>Alt 38</td>
              </tr>
              <tr>
                <td>'</td>
                <td>Alt 39</td>
              </tr>
              <tr>
                <td>(</td>
                <td>Alt 40</td>
              </tr>
              <tr>
                <td>)</td>
                <td>Alt 41</td>
              </tr>
              <tr>
                <td>*</td>
                <td>Alt 42</td>
              </tr>
              <tr>
                <td>+</td>
                <td>Alt 43</td>
              </tr>
              <tr>
                <td>,</td>
                <td>Alt 44</td>
              </tr>
              <tr>
                <td>-</td>
                <td>Alt 45</td>
              </tr>
              <tr>
                <td>.</td>
                <td>Alt 46</td>
              </tr>
              <tr>
                <td>/</td>
                <td>Alt 47</td>
              </tr>
              <tr>
                <td>0</td>
                <td>Alt 48</td>
              </tr>
              <tr>
                <td>1</td>
                <td>Alt 49</td>
              </tr>
              <tr>
                <td>2</td>
                <td>Alt 50</td>
              </tr>
              <tr>
                <td>3</td>
                <td>Alt 51</td>
              </tr>
              <tr>
                <td>4</td>
                <td>Alt 52</td>
              </tr>
              <tr>
                <td>5</td>
                <td>Alt 53</td>
              </tr>
              <tr>
                <td>6</td>
                <td>Alt 54</td>
              </tr>
              <tr>
                <td>7</td>
                <td>Alt 55</td>
              </tr>
              <tr>
                <td>8</td>
                <td>Alt 56</td>
              </tr>
              <tr>
                <td>9</td>
                <td>Alt 57</td>
              </tr>
              <tr>
                <td>:</td>
                <td>Alt 58</td>
              </tr>
              <tr>
                <td>;</td>
                <td>Alt 59</td>
              </tr>
              <tr>
                <td>&lt;</td>
                <td>Alt 60</td>
              </tr>
              <tr>
                <td>=</td>
                <td>Alt 61</td>
              </tr>
              <tr>
                <td>&gt;</td>
                <td>Alt 62</td>
              </tr>
              <tr>
                <td>?</td>
                <td>Alt 63</td>
              </tr>
              <tr>
                <td>@</td>
                <td>Alt 64</td>
              </tr>
              <tr>
                <td>A</td>
                <td>Alt 65</td>
              </tr>
              <tr>
                <td>B</td>
                <td>Alt 66</td>
              </tr>
              <tr>
                <td>C</td>
                <td>Alt 67</td>
              </tr>
              <tr>
                <td>D</td>
                <td>Alt 68</td>
              </tr>
            </tbody>
          </table>
        </td>

        <td>
          <table align="center" cellpadding="4" cellspacing="0" border="1" bgcolor="#FFFF99">
            <tbody>
              <tr>
                <th>Character</th>
                <th>Sequence</th>
              </tr>
              <tr>
                <td>E</td>
                <td>Alt 69</td>
              </tr>
              <tr>
                <td>F</td>
                <td>Alt 70</td>
              </tr>
              <tr>
                <td>G</td>
                <td>Alt 71</td>
              </tr>
              <tr>
                <td>H</td>
                <td>Alt 72</td>
              </tr>
              <tr>
                <td>I</td>
                <td>Alt 73</td>
              </tr>
              <tr>
                <td>J</td>
                <td>Alt 74</td>
              </tr>
              <tr>
                <td>K</td>
                <td>Alt 75</td>
              </tr>
              <tr>
                <td>L</td>
                <td>Alt 76</td>
              </tr>
              <tr>
                <td>M</td>
                <td>Alt 77</td>
              </tr>
              <tr>
                <td>N</td>
                <td>Alt 78</td>
              </tr>
              <tr>
                <td>O</td>
                <td>Alt 79</td>
              </tr>
              <tr>
                <td>P</td>
                <td>Alt 80</td>
              </tr>
              <tr>
                <td>Q</td>
                <td>Alt 81</td>
              </tr>
              <tr>
                <td>R</td>
                <td>Alt 82</td>
              </tr>
              <tr>
                <td>S</td>
                <td>Alt 83</td>
              </tr>
              <tr>
                <td>T</td>
                <td>Alt 84</td>
              </tr>
              <tr>
                <td>U</td>
                <td>Alt 85</td>
              </tr>
              <tr>
                <td>V</td>
                <td>Alt 86</td>
              </tr>
              <tr>
                <td>W</td>
                <td>Alt 87</td>
              </tr>
              <tr>
                <td>X</td>
                <td>Alt 88</td>
              </tr>
              <tr>
                <td>Y</td>
                <td>Alt 89</td>
              </tr>
              <tr>
                <td>Z</td>
                <td>Alt 90</td>
              </tr>
              <tr>
                <td>[</td>
                <td>Alt 91</td>
              </tr>
              <tr>
                <td>\</td>
                <td>Alt 92</td>
              </tr>
              <tr>
                <td>]</td>
                <td>Alt 93</td>
              </tr>
              <tr>
                <td>^</td>
                <td>Alt 94</td>
              </tr>
              <tr>
                <td>_</td>
                <td>Alt 95</td>
              </tr>
              <tr>
                <td>`</td>
                <td>Alt 96</td>
              </tr>
              <tr>
                <td>a</td>
                <td>Alt 97</td>
              </tr>
              <tr>
                <td>b</td>
                <td>Alt 98</td>
              </tr>
              <tr>
                <td>c</td>
                <td>Alt 99</td>
              </tr>
              <tr>
                <td>d</td>
                <td>Alt 100</td>
              </tr>
              <tr>
                <td>e</td>
                <td>Alt 101</td>
              </tr>
              <tr>
                <td>f</td>
                <td>Alt 102</td>
              </tr>
              <tr>
                <td>g</td>
                <td>Alt 103</td>
              </tr>
              <tr>
                <td>h</td>
                <td>Alt 104</td>
              </tr>
              <tr>
                <td>i</td>
                <td>Alt 105</td>
              </tr>
              <tr>
                <td>j</td>
                <td>Alt 106</td>
              </tr>
              <tr>
                <td>k</td>
                <td>Alt 107</td>
              </tr>
              <tr>
                <td>l</td>
                <td>Alt 108</td>
              </tr>
              <tr>
                <td>m</td>
                <td>Alt 109
                </td>
              </tr>
              <tr>
                <td>n</td>
                <td>Alt 110</td>
              </tr>
              <tr>
                <td>o</td>
                <td>Alt 111</td>
              </tr>
              <tr>
                <td>p</td>
                <td>Alt 112</td>
              </tr>
            </tbody>
          </table>
        </td>

        <td>
          <table align="center" cellpadding="4" cellspacing="0" border="1" bgcolor="#FFFF99">
            <tbody>
              <tr>
                <th>Character</th>
                <th>Sequence</th>
              </tr>
              <tr>
                <td>q</td>
                <td>Alt 113</td>
              </tr>
              <tr>
                <td>r</td>
                <td>Alt 114</td>
              </tr>
              <tr>
                <td>s</td>
                <td>Alt 115</td>
              </tr>
              <tr>
                <td>t</td>
                <td>Alt 116</td>
              </tr>
              <tr>
                <td>u</td>
                <td>Alt 117</td>
              </tr>
              <tr>
                <td>v</td>
                <td>Alt 118</td>
              </tr>
              <tr>
                <td>w</td>
                <td>Alt 119</td>
              </tr>
              <tr>
                <td>x</td>
                <td>Alt 120</td>
              </tr>
              <tr>
                <td>y</td>
                <td>Alt 121</td>
              </tr>
              <tr>
                <td>z</td>
                <td>Alt 122</td>
              </tr>
              <tr>
                <td>{</td>
                <td>Alt 123</td>
              </tr>
              <tr>
                <td>|</td>
                <td>Alt 124</td>
              </tr>
              <tr>
                <td>}</td>
                <td>Alt 125</td>
              </tr>
              <tr>
                <td>~</td>
                <td>Alt 126</td>
              </tr>
              <tr>
                <td></td>
                <td>Alt 127</td>
              </tr>
              <tr>
                <td>Ç</td>
                <td>Alt 128</td>
              </tr>
              <tr>
                <td>ü</td>
                <td>Alt 129</td>
              </tr>
              <tr>
                <td>é</td>
                <td>Alt 130</td>
              </tr>
              <tr>
                <td>â</td>
                <td>Alt 131</td>
              </tr>
              <tr>
                <td>ä</td>
                <td>Alt 132</td>
              </tr>
              <tr>
                <td>à</td>
                <td>Alt 133</td>
              </tr>
              <tr>
                <td>å</td>
                <td>Alt 134</td>
              </tr>
              <tr>
                <td>ç</td>
                <td>Alt 135</td>
              </tr>
              <tr>
                <td>ê</td>
                <td>Alt 136</td>
              </tr>
              <tr>
                <td>ë</td>
                <td>Alt 137</td>
              </tr>
              <tr>
                <td>è</td>
                <td>Alt 138</td>
              </tr>
              <tr>
                <td>ï</td>
                <td>Alt 139</td>
              </tr>
              <tr>
                <td>î</td>
                <td>Alt 140</td>
              </tr>
              <tr>
                <td>ì</td>
                <td>Alt 141</td>
              </tr>
              <tr>
                <td>æ</td>
                <td>Alt 145</td>
              </tr>
              <tr>
                <td>Æ</td>
                <td>Alt 146</td>
              </tr>
              <tr>
                <td>ô</td>
                <td>Alt 147</td>
              </tr>
              <tr>
                <td>ö</td>
                <td>Alt 148</td>
              </tr>
              <tr>
                <td>ò</td>
                <td>Alt 149</td>
              </tr>
              <tr>
                <td>û</td>
                <td>Alt 150</td>
              </tr>
              <tr>
                <td>ù</td>
                <td>Alt 151</td>
              </tr>
              <tr>
                <td>ÿ</td>
                <td>Alt 152</td>
              </tr>
              <tr>
                <td>¢</td>
                <td>Alt 155</td>
              </tr>
              <tr>
                <td>£</td>
                <td>Alt 156</td>
              </tr>
              <tr>
                <td>¥</td>
                <td>Alt 157</td>
              </tr>
              <tr>
                <td>P</td>
                <td>Alt 158</td>
              </tr>
              <tr>
                <td>ƒ</td>
                <td>Alt 159</td>
              </tr>
              <tr>
                <td>á</td>
                <td>Alt 160</td>
              </tr>
              <tr>
                <td>í</td>
                <td>Alt 161</td>
              </tr>
            </tbody>
          </table>
        </td>

        <td>
          <table align="center" cellpadding="4" cellspacing="0" border="1" bgcolor="#FFFF99">
            <tbody>
              <tr>
                <th>Character</th>
                <th>Sequence</th>
              </tr>
              <tr>
                <td>ó</td>
                <td>Alt 162</td>
              </tr>
              <tr>
                <td>ú</td>
                <td>Alt 163</td>
              </tr>
              <tr>
                <td>ñ</td>
                <td>Alt 164</td>
              </tr>
              <tr>
                <td>Ñ</td>
                <td>Alt 165</td>
              </tr>
              <tr>
                <td></td>
                <td>Alt 166<b>‡</b></td>
              </tr>
              <tr>
                <td></td>
                <td>Alt 167<b>‡</b></td>
              </tr>
              <tr>
                <td>¿</td>
                <td>Alt 168</td>
              </tr>
              <tr>
                <td>¬</td>
                <td>Alt 170</td>
              </tr>
              <tr>
                <td>½</td>
                <td>Alt 171</td>
              </tr>
              <tr>
                <td>¼</td>
                <td>Alt 172</td>
              </tr>
              <tr>
                <td>¡</td>
                <td>Alt 173</td>
              </tr>
              <tr>
                <td>«</td>
                <td>Alt 174</td>
              </tr>
              <tr>
                <td>»</td>
                <td>Alt 175</td>
              </tr>
              <tr>
                <td>¦</td>
                <td>Alt 179</td>
              </tr>
              <tr>
                <td>ß</td>
                <td>Alt 225</td>
              </tr>
              <tr>
                <td>µ</td>
                <td>Alt 230</td>
              </tr>
              <tr>
                <td>±</td>
                <td>Alt 241</td>
              </tr>
              <tr>
                <td>°</td>
                <td>Alt 248</td>
              </tr>
              <tr>
                <td>•</td>
                <td>Alt 249</td>
              </tr>
              <tr>
                <td>·</td>
                <td>Alt 250</td>
              </tr>
              <tr>
                <td>²</td>
                <td>Alt 253</td>
              </tr>
              <tr>
                <td>€</td>
                <td>Alt 0128</td>
              </tr>
              <tr>
                <td>„</td>
                <td>Alt 0132</td>
              </tr>
              <tr>
                <td>…</td>
                <td>Alt 0133</td>
              </tr>
              <tr>
                <td>†</td>
                <td>Alt 0134</td>
              </tr>
              <tr>
                <td>‡</td>
                <td>Alt 0135</td>
              </tr>
              <tr>
                <td>ˆ</td>
                <td>Alt 0136</td>
              </tr>
              <tr>
                <td>‰</td>
                <td>Alt 0137</td>
              </tr>
              <tr>
                <td>Š</td>
                <td>Alt 0138</td>
              </tr>
              <tr>
                <td>‹</td>
                <td>Alt 0139</td>
              </tr>
              <tr>
                <td>Œ</td>
                <td>Alt 0140</td>
              </tr>
              <tr>
                <td>‘</td>
                <td>Alt 0145</td>
              </tr>
              <tr>
                <td>’</td>
                <td>Alt 0146</td>
              </tr>
              <tr>
                <td>“</td>
                <td>Alt 0147</td>
              </tr>
              <tr>
                <td>”</td>
                <td>Alt 0148</td>
              </tr>
              <tr>
                <td>–</td>
                <td>Alt 0150</td>
              </tr>
              <tr>
                <td>—</td>
                <td>Alt 0151</td>
              </tr>
              <tr>
                <td>˜</td>
                <td>Alt 0152</td>
              </tr>
              <tr>
                <td>™</td>
                <td>Alt 0153</td>
              </tr>
              <tr>
                <td>š</td>
                <td>Alt 0154</td>
              </tr>
              <tr>
                <td>›</td>
                <td>Alt 0155</td>
              </tr>
              <tr>
                <td>œ</td>
                <td>Alt 0156</td>
              </tr>
              <tr>
                <td>Ÿ</td>
                <td>Alt 0159</td>
              </tr>
              <tr>
                <td>¨</td>
                <td>Alt 0168</td>
              </tr>
            </tbody>
          </table>
        </td>

        <td>
          <table align="center" cellpadding="4" cellspacing="0" border="1" bgcolor="#FFFF99">
            <tbody>
              <tr>
                <th>Character</th>
                <th>Sequence</th>
              </tr>
              <tr>
                <td>©</td>
                <td>Alt 0169</td>
              </tr>
              <tr>
                <td>®</td>
                <td>Alt 0174</td>
              </tr>
              <tr>
                <td>¯</td>
                <td>Alt 0175</td>
              </tr>
              <tr>
                <td>³</td>
                <td>Alt 0179</td>
              </tr>
              <tr>
                <td>´</td>
                <td>Alt 0180</td>
              </tr>
              <tr>
                <td>¸</td>
                <td>Alt 0184</td>
              </tr>
              <tr>
                <td>¹</td>
                <td>Alt 0185</td>
              </tr>
              <tr>
                <td>¾</td>
                <td>Alt 0190</td>
              </tr>
              <tr>
                <td>À</td>
                <td>Alt 0192</td>
              </tr>
              <tr>
                <td>Á</td>
                <td>Alt 0193</td>
              </tr>
              <tr>
                <td>Â</td>
                <td>Alt 0194</td>
              </tr>
              <tr>
                <td>Ã</td>
                <td>Alt 0195</td>
              </tr>
              <tr>
                <td>Ä</td>
                <td>Alt 0196</td>
              </tr>
              <tr>
                <td>Å</td>
                <td>Alt 0197</td>
              </tr>
              <tr>
                <td>È</td>
                <td>Alt 0200</td>
              </tr>
              <tr>
                <td>É</td>
                <td>Alt 0201</td>
              </tr>
              <tr>
                <td>Ê</td>
                <td>Alt 0202</td>
              </tr>
              <tr>
                <td>Ë</td>
                <td>Alt 0203</td>
              </tr>
              <tr>
                <td>Ì</td>
                <td>Alt 0204</td>
              </tr>
              <tr>
                <td>Í</td>
                <td>Alt 0205</td>
              </tr>
              <tr>
                <td>Î</td>
                <td>Alt 0206</td>
              </tr>
              <tr>
                <td>Ï</td>
                <td>Alt 0207</td>
              </tr>
              <tr>
                <td>Ð</td>
                <td>Alt 0208</td>
              </tr>
              <tr>
                <td>Ò</td>
                <td>Alt 0210</td>
              </tr>
              <tr>
                <td>Ó</td>
                <td>Alt 0211</td>
              </tr>
              <tr>
                <td>Ô</td>
                <td>Alt 0212</td>
              </tr>
              <tr>
                <td>Õ</td>
                <td>Alt 0213</td>
              </tr>
              <tr>
                <td>Ö</td>
                <td>Alt 0214</td>
              </tr>
              <tr>
                <td>×</td>
                <td>Alt 0215</td>
              </tr>
              <tr>
                <td>Ø</td>
                <td>Alt 0216</td>
              </tr>
              <tr>
                <td>Ù</td>
                <td>Alt 0217</td>
              </tr>
              <tr>
                <td>Ú</td>
                <td>Alt 0218</td>
              </tr>
              <tr>
                <td>Û</td>
                <td>Alt 0219</td>
              </tr>
              <tr>
                <td>Ü</td>
                <td>Alt 0220</td>
              </tr>
              <tr>
                <td>Ý</td>
                <td>Alt 0221</td>
              </tr>
              <tr>
                <td>Þ</td>
                <td>Alt 0222</td>
              </tr>
              <tr>
                <td>ã</td>
                <td>Alt 0227</td>
              </tr>
              <tr>
                <td>ð</td>
                <td>Alt 0240</td>
              </tr>
              <tr>
                <td>õ</td>
                <td>Alt 0245</td>
              </tr>
              <tr>
                <td>÷</td>
                <td>Alt 0247</td>
              </tr>
              <tr>
                <td>ø</td>
                <td>Alt 0248</td>
              </tr>
              <tr>
                <td>ü</td>
                <td>Alt 0252</td>
              </tr>
              <tr>
                <td>ý</td>
                <td>Alt 0253</td>
              </tr>
              <tr>
                <td>þ</td>
                <td>Alt 0254</td>
              </tr>
            </tbody>
          </table>
        </td>

      </tr>
    </tbody>
  </table>
  <p>Image test</p>
  <img src="data:image/jpeg;base64,/9j/4AAQSkZJRgABAQAAAQABAAD/4QDeRXhpZgAASUkqAAgAAAAGABIBAwABAAAAAQAAABoBBQABAAAAVgAAABsBBQABAAAAXgAAACgBAwABAAAAAgAAABMCAwABAAAAAQAAAGmHBAABAAAAZgAAAAAAAAA4YwAA6AMAADhjAADoAwAABwAAkAcABAAAADAyMTABkQcABAAAAAECAwCGkgcAFQAAAMAAAAAAoAcABAAAADAxMDABoAMAAQAAAP//AAACoAQAAQAAAMgAAAADoAQAAQAAAMgAAAAAAAAAQVNDSUkAAABQaWNzdW0gSUQ6IDUxAP/bAEMACAYGBwYFCAcHBwkJCAoMFA0MCwsMGRITDxQdGh8eHRocHCAkLicgIiwjHBwoNyksMDE0NDQfJzk9ODI8LjM0Mv/bAEMBCQkJDAsMGA0NGDIhHCEyMjIyMjIyMjIyMjIyMjIyMjIyMjIyMjIyMjIyMjIyMjIyMjIyMjIyMjIyMjIyMjIyMv/CABEIAMgAyAMBIgACEQEDEQH/xAAbAAACAwEBAQAAAAAAAAAAAAACAwABBAUGB//EABQBAQAAAAAAAAAAAAAAAAAAAAD/2gAMAwEAAhADEAAAAe/FsJR2BbCFU8hGi4WI0Q6IIaAss9h3maOurNCxhUVDHdEQl0aSzw1Xlo00khxpIIBUOUqhzUmRiaNdIhpiyFxsOaJAUIJNYZhNreYw6cyPHtyuHgNEpkFsNxjPVQLlWPZnAbM8OQlwiyJpnPp2c9+3UYq6FGAuhRja+hAaViRgElwqjIVT7M80w5Q6yMrtrTG8yG2JA0dCo6CiZBdxYQgA+kGSCA4UCPmaG0wWagy2abQ0ZaUGsEGHECOQSwY2zMLqFTUwwTQsz1thlmyHNthkZnoeeaGlKVmu8VHRZxgO3PPqPTH5Kj2Q+Ph6ueRh7CvHkesLybT1E83Djl3rPPzv2cEu/ZwJ6CHnB9HDzg+mh5Vfr6PHX7CjyE9fDyE9cR4+/Xw8oz09nmp6WHUHoUc++iRyi6dHLnWo5Y9gDkzsQ449kjiTtUcUe0Jxr6wHNvpw5tdGjmzoQuKsdZQVbLCuqGWNhVVkG7KKCHAAfFwKVApmE1TnQyn4zSewb5Bx6iuNqOsGRgZYnHQbyaOvSuedAOTiPSTzOg71c/WFQQsaAKSHlM+jScqum84Z9ITA9ucaKc56DT5oT1ujwyj6AXhdp62vL6D1IcBh1fNdgjNNYioyHk5IXcgxkhbJBDJC5IZTkMypAwkM7ZAnSDakJJD/xAAkEAACAQQDAAMBAQEBAAAAAAAAAQIDERITBBAhFCAiMSMkQf/aAAgBAQABBQKxYsWRYsW6URLpvpfT/wAfguou7y8MjIyPC3VixY8L2Mhd3GzIcjIiz+/Rst1cUvpcyL9I86u0N3LFjASsXMjK5cZfvIyFIcjIv1cUhu5ccmXuIyHMUy5/TFliw2ZDkf0szyJsQpIuXExWPOserGps0MjRRgiKRaKFjaTGhuxJlxsv0mK56JP7JmZsHMvcRdFzIy86xNbFRbNBGiKkkOJizCRrYqQ6ZrZrZ/C5kZGTLs9PRwMSxEi0hMSFGxa5ZIT8ySM4m2JtiOsNtlixiYmJbtvpRZrFEiuvS4yw6YqaNcTWjBFhpmLLP6XLmoVIUWYmIo/W/dxzNhtNhsNhmZGZmJtmQmZIyH73c86uZmwc2XfVy5cuXLjkXPS45GXuQp9OaHP1Mv00zWOmzUa0azSxU4otEnSu9IqKNKNaQ64uQjamZeKojaZxNqRuR8iJvgboG+J8iBvpmxGZkiVVIzVlVix1Yo3QZtgZxFCJriOCRa5gzA1mk0I0Gg0sfHqjoVjRWNNc1ck1cpmnkmvlIVPkmFcUKxhXFuR8nkG/km/kG/kG6uba5s5BnyRz5JnyTPkmzkGVY/0ZjItItM/Z/ofs/wBC9QU6yN1c+RXNSNUTXE1xNcTXE1o1mBiYmJiYmJgYGBgamaWajUamah0TSzSzSz47Pjs0s0SNMjXI1yNcjCRjIxZZ9enp6XZkZGRl1ki6ZZjdhSjIbSFKLPC5cuZx68LJmswHTNZrNRqZqZqZ4XRcuOzF/bsUjJGRcyMzJGaLru33kiNhKBgmYxPwYQZrMDAsWLFusSyMF1dmRkiVSSW12+RMfJySrUmZxLRcVSsQxifgeKNtNG6kRcZd3RsRsV8jI9Z+huReXbFWqKW+qRri5KFyWiPJFyoG+nJYZN0vNKFRwnsRWV3Kk6hKHIpnz5QIc2dVrk/rNMTkx5GMz9X9RLiqTlxWzTNNU5XvNNNoU5qceRO65LUYc1keaLnsjy5M+WfIpm2DHTo1FR41Gi5QuQjqVWKlCVPlxKdGvKn/ANCMKtlXs1NGf6XqdOOKpRkp0rLU0tdSR/oqk6btiXURV3eFecRV5WXJTI8gXM9+dZrmnyIsVembKTMaUidm1+R2slYU3ElVUBciLM8oup5CXkmjCNvGOn7OkY3Nbs3JEpfrOQpMVc3NG5s3I//EABQRAQAAAAAAAAAAAAAAAAAAAHD/2gAIAQMBAT8BKf/EABQRAQAAAAAAAAAAAAAAAAAAAHD/2gAIAQIBAT8BKf/EADIQAAECBAIJBAEDBQAAAAAAAAABMQIRITIQQQMSIlFhcYGRoSAwM0JQQGDhcnOiscH/2gAIAQEABj8C/ZNSn42uFfwtSgw3oYb3m9Tj40/SOv4hvS/6+g5RS7DMcYYnCOVUf2H9DjpjcPg+E5lyDjjj+m4cfBx8HHwy7lP9n8jeS3yWL3PjUro1PjU+NT41LouxdEXRF8ZfGXRl0ZdF3Lo+48fcfSF2kHjPsMoyn2PsfY+x9j7FIoy/Sdy+Mcccccf3mGGwYYbBi0YYYYbFhi0YYYtLRlMzMcccu8FYvBRUw2lkUUcuwb3cjIbB8HKlPUwymfYfwXIP7LLL+orNCik5L3GHH9xx8aQT6nxr3PhXuSWZdIosxjZ7C7E1zmW9jMuXsfKhTF/U+DGfbFJR9BkXmbUKIvMS6u5S+ibyckUbsXL1NnTKnVCsXgf/ABNaCPVH8iKk14TM4ep81OZt6TRT3GxqS3JUlGmqU0sJci8lP5GUlMrhRVmLOGm8nSXEVEz3E5qT16cjJTaRVURVROJfEnU+TumFYPJnCfIbUMMXNBV0UOrN5Epio8zZggReM0K6NIv7cZfEnCMlEqpDwWYktOk+ZbUmplIkqFE8E5pPgpdrGyslXepVe4rU4kM4U1VzP+qTrLgKk5dCsalydUNmXJh1TqXxdUKxQ9YT69FKwm4u8mRqwz5yL6cjV1Yq7ikMZJYpE9VJ70MzgUTuMk+QkMSeTem4VJylvQ3lIUqUVZcCc5limZKGRVClB1UpJUw//8QAJhAAAgEDBAMAAgMBAAAAAAAAAAERITFBEFFhkXGBobHB4fDx0f/aAAgBAQABPyFCRHfWpNhQwNTgUIgjRqIyo6XY9ygfcPwOgzgICajgxOsC3oUyCsIgJSAoDQOVhNyUSPRqRCoghkmGLKhUsQMu0oOAToKSdLFR4Khv2HGDNqSBbGJ2h+mgjrEFdhcJjhEEWlXRTaExVSRl4OODITFFYeCkjUk6qRWRKWRBMmQWEwxXRLEmUOSrYpdNEpJ2MhUNcHIhJWEzwXED2xJiNzBJgN11kSs1BThCGxNKQ14gTFS5KCSR2HZiTIeYqFRN7aKBAtBkUJIQV2MGWKA2IrsMngqCbEiCghdDIXCYTCnYg3BkUWkSLimj4k9tCbBLaGFKOBdUqMEDe4a3a4q1DW5FSxDDaro/K+jzGwMmTJktiYjSeidCWxqyE41FciLHgMtJX+gSs11dDg4S+EhLEnCux7Q21hibJ0TJMYrrSTgbjFkUksvgcaJJKLsQsjLhYbsUNLnkaIgOmhlBSHANVkKTGlRikJjTJLWYxRG42i5uCYbhVY+Wo20T0JtCTDVaNQgrVKgnuIIl0UYL5gYdUk8/JNvIkKbu3yNW7oer4LhIkhQg/EAnd4C8gq8sKwklrpEDJBI2Hi2ToN7c5xWBNwIAju2hbpWCfgJHlDVgVNtPwOmi1OL+orFeyC5mUpBNS7kuxYhTXaNrsiW3ocy0eSbIcbMS3Y32GAv0RyuxiLZetIeYZe9CUp6QlUW1AjkpP06AVkWD5kdBkVgX86SP9x/pDgM0p+gxLvEH/RjZfsY3372NXE/mR5etnG+mcH0U2f2VXfdnn9k7vswT3Ylo15YkqaXkR2LldD/wH9qP7Uf2o5nQt19DTGjxZFb9EYz0RjPRDk/qh5fCrOjxE7Lo5JPJk3ZaCe/o8I4H0cjo4w2fz0cdnK1x/Wh7ZFj4cnrQvEmhiMPmOH8jyJkqVawooI7iQ8w4SlEp/wAjLTJXZXQhaHkxpRfsuCosyMYhFG9EW2ofkhyNE1JTwckktztEGyMiOej3XoU6foksoeMUaocT0KOZIhF5PMI9NU2rNiJSZrwUqvtECsn6OIhNiOxCbhoc2EF2pCen0FGOhCKFkbQ3z8JeJY5EuSIJ3VPBP+FFzrZqQKLXkyh4EF4eSKLC4n2UqU32JEskClnsVXnRG0jR3S9kSsiqmlUUJ3e2PAJJVgpWKIGFNMmUkIk9+ijUSlCRxJcPYLGeqYmSpngktukvrs5oSzSSyvnkNdguS0afcaWqnEslJTGzE+HBKbo0Qqwdug6Q8WivyOajaI5vRsPgn5ryhylXoJez9odxRT6FUjo5FNCetFAlpxSj5CjRQwYJ2+Y8CVUR5Rv6DhGkQXDbIkSkfMSZRHoVQ+n8iYsvAiwzdFfgoFlXQqtOCbNfgrJG3gTa6OoL0yzt+xIyquitrhoGpDlrBwyLo/Q5oghkt4gaRwkxIkXkSkmUlvaqGxidibjai8lU8ryxRJ9h1uJQDUWSh6Uw96kQE3QT2fktSJbdITseNG1Pj/TqRApi6xYELVflz+SmqzSlUsjNI/gGD45/oZIri+0/2KzdmqKdvCcxDMD3VRyH9uxJqpZleH+RU9BLZOSlQ1rLfoRUQlLiG+qpddRQVeaCBkpzbOF+xLIHu0Gn4AjlfCEumLgqw0qqpVilouELbSdlMwiFdLaoJ5SU3OTGzHpGGET8hGBzn9gp4YXefSYnnpBItkOsabkakLfJ9Gd6Jrq5+xoID8kiK5jdxtLWaSypGBoik0oGrrvYpTKCe0QZnb2tg2lUPdvhWS37ECTZSNgGOxbHgZLqLpYq689b+G3aecFSbVxUkRtwVk0xwSKukxVVnWgyFNcGhboE2fqC454of//aAAwDAQACAAMAAAAQYY80c4cI8okswcIgA0Q0Us8Iw8c0wQYcg0o4EswMEk8Eco888ocMAUYUsMQIMQ8I8c8IgggckY0s0w4IIUIsMgMcYIMo0MIcQwkgY8IA4kEwkU0w4cQ08AMYU0YQMUE0Y8s8IAgsQc8AMg8soIw4M88UUME8A8Ag8AcAc8ccA//EABQRAQAAAAAAAAAAAAAAAAAAAHD/2gAIAQMBAT8QKf/EABQRAQAAAAAAAAAAAAAAAAAAAHD/2gAIAQIBAT8QKf/EACYQAQACAgICAgMBAQEBAQAAAAEAESExQVFhcYGRobHB0eEQ8PH/2gAIAQEAAT8Qd2xbnDM/hLHEqeplH5xFYZVr7yxaXNMVADdBFujbKT3MPcwxEK8kogqmiqxBFZXAaKN8sTfeJcNdpkENykzGqi1NvcBf0se0pYKyagK1BBK2Q2FgLrEWBJ8hNQRi3KCONwIZfzB7h15nNbqLWwTcGKtAVhzOBxAoIwqyKZVUBHDcaRWNSvmkRwwDYEuKCu2UTcAhXb9QWEBozUrYQP3G3LPNwsApxFsqjmJeCOby1FW78oGiWcxo1klMRdMh1AptjiZKq/s4XLLB1GAwxGg7nJc1rimsykWUrArllLxKYVF5lixT3GWFF6BFwLMqZ5mGhuCgbYGYC8Sxk28R9CPBCaAPLLULiJguXLV1AKvMQCzqYNI1ENUBqI7aPEQLceosESjuL6qCFpUsi69zYFyxyXLXAmeaeogBlx/5DDBya7jRcC+GCEOPMKpd4ZTWZ4JXVHREgCII3MQZTd9Mpsk/MLt+aAcOImSg8R2FfcGOCNYKuZrD/JoTXUwi4F07hTplpygNZxKDgg+LjAZD4gLrLMAK+JjBqBLvYc19QQ3UsN/iKBJeqXmG23K9zCGFwtWLfBKG0FQyy6ckFtVHUwIK4g10IbAOiBZXzHi38Ih/ojqB4wzFiz6ZYtYeai8AfNxN6o8EFeE/EQ1+cV0fmUsxYlb5YQ3iIF55xAwwIMQIyMFVV7EvecBJQs0cpqahk1Myr4lcD7lJpEHZCZhT6iv7WZ53bonIsu1cPChywCARqpi6BBdYiOT5hIqKV6h9kJBcEW1gjm4cO/UwLYoylRD0eoNU5uMJVWrcLcThG+aYBil+YqrKBXWUW2PzKWnZ4hVdEH4PpgF6N4iC9RptuJDBF9FRfgmQoqViiiczc7Qe5wGA4slW2KDIYuYQwwkbF1cAViojOiWbSzzCv3/4HNYi8lhYgSzlxk2Qi1pCUtjwwRLw9QjF4lhbmVXyMIdIptGCaTmKMoRppGAbcwHgh6EMfKN7qZTL0QQxlLrlZQ5itLCptiWGZds7KeKgOyLdEQAteZXv7ISKPiAtqiYJdkFLW5buNyy+o22xA0APPUKH8MV9HMuKhQZHdFykqVyprJDQXmNghfLKIBcO3DKqVtFajMgFZGIUbm/EUsJx3AlkuqKqUIvK83DpkJ0yzl/Mo6pgGDAqrzAqxUM8L8sbhQ7uYcZe5XtuOgg+ZhVm0DmOvHdXMIxF6glAD5lcjX5gdH2TclfbDwoIWrq/ExeQ3nUHHvMwe8/TcAb74g0Eerhdse4BoF4Imst8EItZvWpWATnNyowPiDzfBGk2+J/jSCNQfmGqV8R4rvTNcX6YhyPbHIfyhC7BzdP3BbM4hQ1W5pLo+EONtfQlOGboK/cVqecoh/ZUkJB6F81AUugZzyWRD8G/+INVVdHL8Qcq4xSf8mz6AKX9Ebi49o4zz2puKPnEUKQuhYgHw8QBH0ZDnysV6M7QT7nvI9kS5HuARrdEGm4BzA9McPgWkspu9w0FqHbOYylqA3wAxw1STzABYB8r+yN+YcLQ8ubOr3gLmh7QMw35TDhWKaHdNHJXeSoVrGeYhaPgJmQS4cQbWNc0haKV8lSoPHuOVhjJYPVRGsfiGpTH3APzFoi1kfEBz7Co0ox1WZXlTfIRFEyG6QHS6UMowM+Lyt3eyR1bukilufkRor8WoORDxm/7DKb5RkR3cEKvfQMDWtWcmaHcIGG+yW8D7gJjL0ygratznH2gBrNkXa8Bm7mFVHJccSj23C7SeI38/p/yD2rrxxFHT5uNWIcFpiEcWxApzkpKv7ms9kDmyaKC3xKQ0bCArL8tQA+MirlG+Lq4nSuPIhSLXIw+pvGlO03FLWotw/5KpSRPUSzQOWo1MHLBuWqU9t2x4GO03KYm3DGYthV+XxKWWXlhNd53bKOC9susrwTEjX0og39mDgF8ZgOhPsi6AFIzuLoKPZLFzeRmXG3HQ3NwjlaXMWTfGZjB9Ujc3UOklyUQNlPxCICC7Ar9zXfegFAAayg/UuZFl0iGqA1s4S+wS/eYYB8twFip5P8AkJQKtaIwBQca1AkLPcBL08MQKEDisrKHQMM8w7loqBp8ETjTgBn5n5zSVWtPaXPwGsMSAsrcAD4aLA08GbmIdeyWooe6Yrr7xOAVSjy/MuEMApcoLmKCL0GI46Fspp9wW707mIHbew4hvbp1AFifO4ccwxj/ACV0GloAYs00pYI4YEs1U/pE9jwf6RYBvFf0R0GrI4fRLZLsawrJAq0spKL+A8EHkFbxEMLHeA/2XqPXUTar0rP+QeidkXPWGEmA+Uztg43+os3YGbgFtbq4YqzrLK25C0Sj5baSJHmcXAqKjz/dwLi3gdw+ny/4zONN6OV+Xmj+TLOusv3GMQG8Dwxk1uZFZLDa9BV58y0A2kIBp6ZitVhp6oY/UlbBp55lUx1lVJ7qMoWZ2P4yrQeE1+YqANFyV6qWS6wJ/wBESqAc0XfglDRUUGidNwEObHM9SqAvCh3rLUHE5IQi9LT+odjClfHTsQURrQCU4zdr7ihoILX2ol+pWBmOWF6rCAdw5PpmBHlgXKFhL5RTGURpeD8SvVuLOenEthI7cwutA4V06pKYkKO3+dk+omEGGufgzUGYgqiLfHNPuLQEI2sZutuYWADOV81aYrniPhSZZB4yhnxKcHWijf73LMKvKG+qAIgMeC4PhvHpPmKqK7fsXBALYEQX2VEtTGLBHYNkpZT2LCLGO3b7qewtgH8P7H9ulXa+y5lmMDY3UDKo3X+1KDsVt23DkWOgTVEXxlRgQHJ2Z7LgMUl6t3Q+DUt7A1iNUZEq71GobCp28OZZeoV+YtGIaqKcR6clfMzBIqJXihiIooVkjeRMMxJsKWva/tmZxqP0bxB7ibsKq4ocnmWjBBZa9Xz9wEAHYAMC6V6qWhdOWHhwKfcrLtv2Rra2NYSLkq8Mn4BEq5dmxSxmsFFfczA2xee8keF5UB9G/mPSt20uO7rB4gO10BdjcO7gaz4+5W5xX+io3WDlUfSj7g4Hpn6jI4Gb/kgTi3eUZoRf/eYhZUp2fuXhIBdlGap/sJpBBQJ7O5yBxrXs7smcwjZpxznMNvDcm+dpG03MYWnvUGuTbKh/X5iAIRW5dYuWsJLCGs7y2sG+joVf/nIwXo6SkeP/AIRQwRtX6rlFKBticc2H1EgECwSlcJuAIXQH+PdZgMFgCxfVH8MDrN5YR7G4vnGxWXq4QkcVl/yKv4XWh6Je3stK+LM/cGDgHPTVYT8SsWyyXr71HEI2bH0yjZblRZP/2Q=="/>
</body>

</html>